
laure@LAPTOP-3BS7IMCB MINGW64 ~
$ pwd
/c/Users/laure

laure@LAPTOP-3BS7IMCB MINGW64 ~
$ cd Desktop

laure@LAPTOP-3BS7IMCB MINGW64 ~/Desktop (master)
$ mkdir GitHubRepoAssignment

laure@LAPTOP-3BS7IMCB MINGW64 ~/Desktop (master)
$ cd GitHubRepoAssignment

laure@LAPTOP-3BS7IMCB MINGW64 ~/Desktop/GitHubRepoAssignment (master)
$ git init
Initialized empty Git repository in C:/Users/laure/Desktop/GitHubRepoAssignment/.git/

laure@LAPTOP-3BS7IMCB MINGW64 ~/Desktop/GitHubRepoAssignment (master)
$ touch readme.md

laure@LAPTOP-3BS7IMCB MINGW64 ~/Desktop/GitHubRepoAssignment (master)
$ git status
On branch master

No commits yet

Untracked files:
  (use "git add <file>..." to include in what will be committed)

        readme.md

nothing added to commit but untracked files present (use "git add" to track)

laure@LAPTOP-3BS7IMCB MINGW64 ~/Desktop/GitHubRepoAssignment (master)
$ git add .

laure@LAPTOP-3BS7IMCB MINGW64 ~/Desktop/GitHubRepoAssignment (master)
$ git commit -m"adding readme.md"
[master (root-commit) da761bc] adding readme.md
 1 file changed, 0 insertions(+), 0 deletions(-)
 create mode 100644 readme.md

laure@LAPTOP-3BS7IMCB MINGW64 ~/Desktop/GitHubRepoAssignment (master)
$ git remote add origin https://github.com/laurencesk/GitHubRepoAssignment.git

laure@LAPTOP-3BS7IMCB MINGW64 ~/Desktop/GitHubRepoAssignment (master)
$ git push -u origin master
Counting objects: 3, done.
Writing objects: 100% (3/3), 211 bytes | 211.00 KiB/s, done.
Total 3 (delta 0), reused 0 (delta 0)
To https://github.com/laurencesk/GitHubRepoAssignment.git
 * [new branch]      master -> master
Branch 'master' set up to track remote branch 'master' from 'origin'.

laure@LAPTOP-3BS7IMCB MINGW64 ~/Desktop/GitHubRepoAssignment (master)
$
